// Jest Snapshot v1, https://goo.gl/fbAQLP

exports[`App must snapshot 1`] = `
<body>
  <div>
    <h1
      class="svelte-1ucbz36"
    >
      Hello 
      world
      !
    </h1>
  </div>
</body>
`;
